5825
-1
-1
7638
244873
-1
-1
1057
459
-1
-1
6252
1613
1623
1071
-1
716
-1
-1
2015
1613
1071
536242
-1
1057
-1
1057
7669
15509
7699
1592
-1
-1
1071
1408
1623
-1
-1
-1
1942
1592
-1
6176
716
964
-1
2258
-1
964
716
-1
-1
2547
1592
2550
-1
613956
296230
-1
964
1057
-1
-1
41171
139757
459
-1
-1
-1
1085
1057
-1
421781
1071
-1
205928
-1
2448
5825
1430
-1
964
-1
-1
-1
-1
1592
-1
979877
2810
1071
-1
7081
-1
-1
1337
964
-1
-1
-1
-1
1408
-1
459
-1
9589
15530
-1
-1
6018
-1
-1
1085
964
-1
5825
-1
-1
-1
-1
716
734414
-1
-1
-1
-1
-1
-1
-1
-1
2644
7193468
1085
-1
6127
-1
-1
-1
964
-1
1057
-1
-1
-1
716
-1
-1
-1
-1
-1
-1
459
1592
-1
-1
964
1840
583624
1967
-1
1408
1441
-1
-1
964
-1
-1
-1
-1
716
1997
-1
7193468
-1
-1
-1
459
