3125000000000000000000000000000000000000000000000000000000000000000000000000000000000000
